2026-08-09 21:36:56 [INFO] Server started on port 3490
2026-08-09 21:38:02 [ERROR] Failed to bind server socket
2026-08-09 21:38:15 [INFO] New connection from 127.0.0.1:57056
2026-08-09 21:38:24 [INFO] Ishaan joined the chat
2026-08-09 21:39:50 [ERROR] Failed to bind server socket
2026-08-09 21:40:03 [INFO] New connection from 127.0.0.1:53628
2026-08-09 21:40:09 [INFO] Deepti joined the chat
2026-08-09 21:40:15 [WARNING] Unknown command from Deepti: /hello
2026-08-09 21:40:29 [INFO] Deepti : How are you?
2026-08-09 21:40:38 [INFO] Ishaan : I am fine
2026-08-09 21:40:58 [INFO] Ishaan -> Deepti: I love you!!
2026-08-09 21:41:33 [WARNING] Ishaan attempted to message offline user Vardaan
2026-08-09 21:41:49 [INFO] Ishaan left the chat
2026-08-09 21:41:49 [INFO] Ishaan left the chat
2026-08-09 21:42:02 [INFO] Deepti left the chat
2026-08-09 21:42:02 [INFO] Deepti left the chat
2026-08-09 21:45:06 [INFO] Server started on port 3490
2026-08-09 21:45:31 [INFO] New connection from 127.0.0.1:41156
2026-08-09 21:45:35 [INFO] Ishaan Umrao joined the chat
2026-08-09 21:45:39 [INFO] Ishaan Umrao left the chat
2026-08-10 13:16:26 [INFO] Server started on port 3490
2026-08-10 13:17:24 [INFO] New connection from 127.0.0.1:41168
2026-08-10 13:17:39 [INFO] Ishaan joined the chat
2026-08-10 13:17:58 [INFO] New connection from 127.0.0.1:49566
2026-08-10 13:18:03 [INFO] UD joined the chat
2026-08-10 13:18:42 [INFO] Ishaan : Hi
2026-08-10 13:18:50 [INFO] UD : HI
2026-08-10 13:19:20 [INFO] Ishaan changed username to Udayan
2026-08-10 13:19:59 [INFO] Udayan -> UD: Hello
2026-08-10 13:20:31 [WARNING] UD attempted to change username to Udayan but it was already taken
2026-08-10 13:21:11 [INFO] Udayan left the chat
2026-08-10 13:21:26 [INFO] UD left the chat
2026-08-10 21:37:48 [INFO] Server socket created
2026-08-10 21:37:48 [INFO] Server socket configured
2026-08-10 21:37:48 [INFO] Server socket bound to port 8080
2026-08-10 21:37:48 [INFO] Server is listening for connections
2026-08-10 21:37:48 [INFO] Server started on port 8080
2026-08-10 21:39:12 [INFO] Server socket created
2026-08-10 21:39:12 [INFO] Server socket configured
2026-08-10 21:39:12 [INFO] Server socket bound to port 3490
2026-08-10 21:39:12 [INFO] Server is listening for connections
2026-08-10 21:39:12 [INFO] Server started on port 3490
2026-08-10 21:39:22 [INFO] New connection from 127.0.0.1 | Socket : 5
2026-08-10 21:39:25 [INFO] Ishaan joined the chat
2026-08-10 21:40:03 [INFO] Ishaan : hello
2026-08-10 21:44:18 [INFO] Server socket created
2026-08-10 21:44:18 [INFO] Server socket configured
2026-08-10 21:44:18 [INFO] Server socket bound to port 3490
2026-08-10 21:44:18 [INFO] Server is listening for connections
2026-08-10 21:44:18 [INFO] Server started on port 3490
2026-08-10 21:44:29 [INFO] New connection from 127.0.0.1 | Port : 53848 | Socket : 5
2026-08-10 21:44:31 [INFO] Ishaan joined the chat
2026-08-10 21:44:40 [INFO] Ishaan removed from client list
2026-08-10 21:44:40 [INFO] Ishaan client thread ended
2026-08-11 17:02:16 [INFO] Server socket created
2026-08-11 17:02:16 [INFO] Server socket configured
2026-08-11 17:02:16 [INFO] Server socket bound to port 3490
2026-08-11 17:02:16 [INFO] Server is listening for connections
2026-08-11 17:02:16 [INFO] Server started on port 3490
2026-08-11 17:03:39 [INFO] Server socket created
2026-08-11 17:03:39 [INFO] Server socket configured
2026-08-11 17:03:39 [INFO] Server socket bound to port 3490
2026-08-11 17:03:39 [INFO] Server is listening for connections
2026-08-11 17:03:39 [INFO] Server started on port 3490
2026-08-11 17:04:31 [INFO] New connection from 127.0.0.1 | Port : 50538 | Socket : 5
2026-08-11 17:04:36 [INFO] Ishaan joined the chat
2026-08-11 17:04:51 [INFO] Ishaan : Hello
2026-08-11 17:04:56 [INFO] Ishaan : How are you?
2026-08-11 17:05:09 [INFO] Ishaan changed username to Noob
2026-08-11 17:05:23 [WARNING] Noob attempted to message offline user Ishaan
2026-08-11 17:05:31 [INFO] Noob removed from client list
2026-08-11 17:05:31 [INFO] Noob client thread ended
2026-08-12 15:01:23 [INFO] Server socket created
2026-08-12 15:01:23 [INFO] Server socket configured
2026-08-12 15:01:23 [INFO] Server socket bound to port 3490
2026-08-12 15:01:23 [INFO] Server is listening for connections
2026-08-12 15:01:23 [INFO] Server started on port 3490
2026-08-12 15:03:43 [INFO] New connection from 127.0.0.1 | Port : 51106 | Socket : 5
2026-08-12 15:03:46 [INFO] Ishaan joined the chat
2026-08-12 15:04:28 [INFO] New connection from 127.0.0.1 | Port : 42858 | Socket : 6
2026-08-12 15:04:31 [INFO] Deepti joined the chat
2026-08-12 15:04:41 [INFO] Ishaan removed from client list
2026-08-12 15:04:41 [ERROR] Failed to send message to socket 6
2026-08-12 15:04:41 [INFO] Ishaan client thread ended
2026-08-12 15:04:41 [INFO] Deepti removed from client list
2026-08-12 15:04:41 [INFO] Deepti client thread ended
2026-08-12 15:04:41 [INFO] Server stopped
2026-08-12 15:20:12 [INFO] Server socket created
2026-08-12 15:20:12 [INFO] Server socket configured
2026-08-12 15:20:12 [INFO] Server socket bound to port 3490
2026-08-12 15:20:12 [INFO] Server is listening for connections
2026-08-12 15:20:12 [INFO] Server started on port 3490
2026-08-12 15:20:14 [INFO] Server stopped
2026-08-12 15:20:18 [INFO] Server socket created
2026-08-12 15:20:18 [INFO] Server socket configured
2026-08-12 15:20:18 [INFO] Server socket bound to port 3490
2026-08-12 15:20:18 [INFO] Server is listening for connections
2026-08-12 15:20:18 [INFO] Server started on port 3490
2026-08-12 15:20:26 [INFO] New connection from 127.0.0.1 | Port : 56348 | Socket : 5
2026-08-12 15:20:31 [INFO] Ishaan joined the chat
2026-08-12 15:20:35 [INFO] New connection from 127.0.0.1 | Port : 40418 | Socket : 6
2026-08-12 15:20:37 [INFO] Deepti joined the chat
2026-08-12 15:21:26 [INFO] Deepti : Hello
2026-08-12 15:21:29 [INFO] Deepti : Hi
2026-08-12 15:21:41 [INFO] Ishaan : How Are tou
2026-08-12 15:21:46 [INFO] Ishaan removed from client list
2026-08-12 15:21:46 [INFO] Ishaan client thread ended
2026-08-12 15:21:53 [INFO] Server stopped
2026-08-12 15:21:53 [INFO] Deepti removed from client list
2026-08-12 15:21:53 [INFO] Deepti removed from client list
2026-08-12 15:53:43 [INFO] Server socket created
2026-08-12 15:53:43 [INFO] Server socket configured
2026-08-12 15:53:43 [INFO] Server socket bound to port 3490
2026-08-12 15:53:43 [INFO] Server is listening
2026-08-12 15:53:43 [INFO] Server started successfully
2026-08-12 15:53:56 [INFO] New client connection accepted
2026-08-12 15:54:00 [INFO] Ishaan joined the chat
2026-08-12 15:54:00 [INFO] Client thread started for Ishaan
2026-08-12 15:54:05 [INFO] New client connection accepted
2026-08-12 15:54:28 [INFO] Server shutdown requested
2026-08-12 15:54:28 [INFO] Server stopped
2026-08-12 15:54:28 [INFO] Ishaan left the chat
2026-08-12 15:54:28 [INFO] Client thread ended
2026-08-12 15:56:30 [INFO] Server socket created
2026-08-12 15:56:30 [INFO] Server socket configured
2026-08-12 15:56:30 [INFO] Server socket bound to port 3490
2026-08-12 15:56:30 [INFO] Server is listening for connections
2026-08-12 15:56:30 [INFO] Server started on port 3490
2026-08-12 15:56:33 [INFO] Server stopped
2026-08-12 16:04:03 [INFO] Server socket created
2026-08-12 16:04:03 [INFO] Server socket configured
2026-08-12 16:04:03 [INFO] Server socket bound to port 3490
2026-08-12 16:04:03 [INFO] Server is listening for connections
2026-08-12 16:04:03 [INFO] Server started on port 3490
2026-08-12 16:04:16 [INFO] New connection from 127.0.0.1 | Port : 35308 | Socket : 5
2026-08-12 16:04:21 [INFO] New connection from 127.0.0.1 | Port : 35318 | Socket : 6
2026-08-12 16:04:27 [INFO] Ishaan joined the chat
2026-08-12 16:04:35 [INFO] Server stopped
2026-08-12 16:04:35 [INFO] Ishaan removed from client list
2026-08-12 16:04:35 [INFO] Ishaan client thread ended
2026-08-12 16:04:43 [INFO] deepti joined the chat
2026-08-12 16:04:43 [INFO] deepti removed from client list
2026-08-12 16:04:43 [INFO] deepti client thread ended
2026-08-12 16:09:46 [INFO] Server socket created
2026-08-12 16:09:46 [INFO] Server socket configured
2026-08-12 16:09:46 [INFO] Server socket bound to port 3490
2026-08-12 16:09:46 [INFO] Server is listening for connections
2026-08-12 16:09:46 [INFO] Server started on port 3490
2026-08-12 16:09:52 [INFO] New connection from 127.0.0.1 | Port : 47622 | Socket : 5
2026-08-12 16:09:55 [INFO] Ishaan joined the chat
2026-08-12 16:10:00 [INFO] New connection from 127.0.0.1 | Port : 57638 | Socket : 6
2026-08-12 16:10:04 [INFO] Server stopped
2026-08-12 16:10:04 [INFO] Client disconnected during handshake
2026-08-12 16:10:04 [INFO] Ishaan removed from client list
2026-08-12 16:10:04 [INFO] Ishaan client thread ended
2026-08-12 16:12:56 [INFO] Server socket created
2026-08-12 16:12:56 [INFO] Server socket configured
2026-08-12 16:12:56 [INFO] Server socket bound to port 3490
2026-08-12 16:12:56 [INFO] Server is listening for connections
2026-08-12 16:12:56 [INFO] Server started on port 3490
2026-08-12 16:13:06 [INFO] New connection from 127.0.0.1 | Port : 50356 | Socket : 5
2026-08-12 16:13:15 [INFO] Hello joined the chat
2026-08-12 16:13:54 [INFO] New connection from 127.0.0.1 | Port : 39182 | Socket : 6
2026-08-12 16:14:02 [INFO] Server stopped
2026-08-12 16:14:02 [INFO] Hello removed from client list
2026-08-12 16:14:02 [INFO] Hello client thread ended
2026-08-12 16:14:02 [INFO] Client disconnected during handshake
2026-08-12 16:17:07 [INFO] Server socket created
2026-08-12 16:17:07 [INFO] Server socket configured
2026-08-12 16:17:07 [INFO] Server socket bound to port 3490
2026-08-12 16:17:07 [INFO] Server is listening for connections
2026-08-12 16:17:07 [INFO] Server started on port 3490
2026-08-12 16:17:12 [INFO] New connection from 127.0.0.1 | Port : 51632 | Socket : 5
2026-08-12 16:17:17 [INFO] New connection from 127.0.0.1 | Port : 58730 | Socket : 6
2026-08-12 16:17:21 [INFO] Ishaan joined the chat
2026-08-12 16:17:29 [INFO] Ishaan removed from client list
2026-08-12 16:17:29 [INFO] Ishaan client thread ended
2026-08-12 16:17:32 [INFO] New connection from 127.0.0.1 | Port : 52074 | Socket : 7
2026-08-12 16:17:34 [INFO] ishaan joined the chat
2026-08-12 16:17:40 [INFO] ishaan removed from client list
2026-08-12 16:17:40 [INFO] ishaan client thread ended
2026-08-12 16:18:35 [INFO] Client disconnected during handshake
2026-08-12 16:18:36 [INFO] Server stopped
2026-08-12 16:18:58 [INFO] Server socket created
2026-08-12 16:18:58 [INFO] Server socket configured
2026-08-12 16:18:58 [INFO] Server socket bound to port 3490
2026-08-12 16:18:58 [INFO] Server is listening for connections
2026-08-12 16:18:58 [INFO] Server started on port 3490
2026-08-12 16:19:05 [INFO] New connection from 127.0.0.1 | Port : 35726 | Socket : 5
2026-08-12 16:19:09 [INFO] New connection from 127.0.0.1 | Port : 57652 | Socket : 6
2026-08-12 16:19:12 [INFO] Ishaan joined the chat
2026-08-12 16:19:15 [INFO] Ishaan : helo
2026-08-12 16:19:23 [INFO] Server stopped
2026-08-12 16:19:23 [INFO] Ishaan removed from client list
2026-08-12 16:19:23 [INFO] Ishaan client thread ended
2026-08-12 16:19:23 [INFO] Client disconnected during handshake
2026-08-12 16:20:52 [INFO] Server socket created
2026-08-12 16:20:52 [INFO] Server socket configured
2026-08-12 16:20:52 [INFO] Server socket bound to port 3490
2026-08-12 16:20:52 [INFO] Server is listening for connections
2026-08-12 16:20:52 [INFO] Server started on port 3490
2026-08-12 16:20:55 [INFO] New connection from 127.0.0.1 | Port : 39626 | Socket : 5
2026-08-12 16:21:02 [INFO] New connection from 127.0.0.1 | Port : 38848 | Socket : 6
2026-08-12 16:21:04 [INFO] Ishaan joined the chat
2026-08-12 16:21:07 [INFO] Ishaan : hello
2026-08-12 16:21:10 [INFO] Server stopped
2026-08-12 16:21:10 [INFO] Ishaan removed from client list
2026-08-12 16:21:10 [INFO] Client disconnected during handshake
2026-08-12 16:21:10 [INFO] Ishaan client thread ended
